#
# A fatal error has been detected by the Java Runtime Environment:
#
#  EXCEPTION_ACCESS_VIOLATION (0xc0000005) at pc=0x00007ffb80dde02c, pid=19116, tid=19388
#
# JRE version: OpenJDK Runtime Environment Temurin-26.0.2+10 (26.0.2+10) (build 26.0.2+10)
# Java VM: OpenJDK 64-Bit Server VM Temurin-26.0.2+10 (26.0.2+10, mixed mode, sharing, tiered, compressed oops, compressed class ptrs, g1 gc, windows-amd64)
# Problematic frame:
# C  [awt.dll+0xde02c]
#
# No core dump will be written. Minidumps are not enabled by default on client versions of Windows
#
# If you would like to submit a bug report, please visit:
#   https://github.com/adoptium/adoptium-support/issues
# The crash happened outside the Java Virtual Machine in native code.
# See problematic frame for where to report the bug.
#

---------------  S U M M A R Y ------------

Command Line: br.com.ifba.login.view.Main

Host: AMD Ryzen 7 7735HS with Radeon Graphics        , 16 cores, 13G,  Windows 11 , 64 bit Build 26100 (10.0.26100.9168)
Time: Wed Sep  2 11:03:59 2026 E. South America Standard Time elapsed time: 1274.600047 seconds (0d 0h 21m 14s)

---------------  T H R E A D  ---------------

Current thread (0x000001210f0d8df0):  JavaThread "AWT-Windows" daemon [_thread_in_native, id=19388, stack(0x0000001969000000,0x0000001969100000) (1024K)]

Stack: [0x0000001969000000,0x0000001969100000],  sp=0x00000019690fedd0,  free space=1019k
Native frames: (J=compiled Java code, j=interpreted, Vv=VM code, C=native code)
C  [awt.dll+0xde02c]  (no source info available)
C  [awt.dll+0x9839b]  (no source info available)
C  [awt.dll+0x983e6]  (no source info available)
C  [awt.dll+0x9575c]  (no source info available)
C  [awt.dll+0xe235b]  (no source info available)
C  [awt.dll+0xb247d]  (no source info available)
C  [awt.dll+0x98910]  (no source info available)
C  [USER32.dll+0xc366]  (no source info available)
C  [USER32.dll+0xbe2c]  (no source info available)
C  [awt.dll+0x16543]  (no source info available)
C  [COMCTL32.dll+0x2ced8]  (no source info available)
C  [COMCTL32.dll+0x2ccaf]  (no source info available)
C  [USER32.dll+0xc366]  (no source info available)
C  [USER32.dll+0xa7bd]  (no source info available)
C  [awt.dll+0xd719e]  (no source info available)
C  [awt.dll+0xd9092]  (no source info available)
C  0x000001210746d4f3  (no source info available)

The last pc belongs to native method entry point (kind = native) (printed below).
Java frames: (J=compiled Java code, j=interpreted, Vv=VM code)
j  sun.awt.windows.WToolkit.eventLoop()V+0 java.desktop@26.0.2
j  sun.awt.windows.WToolkit.run()V+56 java.desktop@26.0.2
j  java.lang.Thread.runWith(Ljava/lang/Object;Ljava/lang/Runnable;)V+5 java.base@26.0.2
j  java.lang.Thread.run()V+19 java.base@26.0.2
v  ~StubRoutines::Stub Generator call_stub_stub 0x00000121074618e2

siginfo: EXCEPTION_ACCESS_VIOLATION (0xc0000005), reading address 0x0000000000000004


Registers:
RAX=0x000001211b0ce360, RBX=0x000001210f392570, RCX=0x0000000000000000, RDX=0x0000000000000000
RSP=0x00000019690fedd0, RBP=0x00000019690feee9, RSI=0x000001211ae1e850, RDI=0x0000000000000000
R8 =0x0000000000000001, R9 =0x000000196747f000, R10=0x0000000000000000, R11=0x0000000000000246
R12=0x0000000000000000, R13=0x0000000000000001, R14=0x000001211ae1e850, R15=0x0000000000000000
RIP=0x00007ffb80dde02c, EFLAGS=0x0000000000010246

XMM[0]=0x0000000000000000 0x0000000000000000
XMM[1]=0x0000000000000000 0x0000000000000000
XMM[2]=0x0000000000000000 0x0000000000000000
XMM[3]=0x0000000000000000 0x0000000000000000
XMM[4]=0x0000000000000000 0x0000000000000000
XMM[5]=0x0000000000000000 0x0000000000000000
XMM[6]=0x0000000000000000 0x0000000000000000
XMM[7]=0x0000000000000000 0x0000000000000000
XMM[8]=0x0000000000000000 0x0000000000000000
XMM[9]=0x0000000000000000 0x0000000000000000
XMM[10]=0x0000000000000000 0x0000000000000000
XMM[11]=0x0000000000000000 0x0000000000000000
XMM[12]=0x0000000000000000 0x0000000000000000
XMM[13]=0x0000000000000000 0x0000000000000000
XMM[14]=0x0000000000000000 0x0000000000000000
XMM[15]=0x0000000000000000 0x0000000000000000
  MXCSR=0x00001fa0


Register to memory mapping:

RAX=0x000001211b0ce360 points into unknown readable memory: 0x005c003f003f005c | 5c 00 3f 00 3f 00 5c 00
RBX=0x000001210f392570 points into unknown readable memory: 0x000001211ae56cf0 | f0 6c e5 1a 21 01 00 00
RCX=0x0 is null
RDX=0x0 is null
RSP=0x00000019690fedd0 is pointing into the stack for thread: 0x000001210f0d8df0
RBP=0x00000019690feee9 is pointing into the stack for thread: 0x000001210f0d8df0
RSI=0x000001211ae1e850 points into unknown readable memory: 0x00007ffb80e0d930 | 30 d9 e0 80 fb 7f 00 00
RDI=0x0 is null
R8 =0x0000000000000001 is an unknown value
R9 =0x000000196747f000 points into unknown readable memory: 0x0000000000000000 | 00 00 00 00 00 00 00 00
R10=0x0 is null
R11=0x0000000000000246 is an unknown value
R12=0x0 is null
R13=0x0000000000000001 is an unknown value
R14=0x000001211ae1e850 points into unknown readable memory: 0x00007ffb80e0d930 | 30 d9 e0 80 fb 7f 00 00
R15=0x0 is null

Top of Stack: (sp=0x00000019690fedd0)
0x00000019690fedd0:   00007ffb80e3b838 0000000000000000   8...............
0x00000019690fede0:   0000000000000000 000001211ae1e850   ........P...!...
0x00000019690fedf0:   0000000000000000 00007ffb80d9839b   ................
0x00000019690fee00:   0000000000000000 000001210f392570   ........p%9.!...
0x00000019690fee10:   000001210f392570 0000000000000000   p%9.!...........
0x00000019690fee20:   000001210f0d9220 00007ffb80d983e6    ...!...........
0x00000019690fee30:   000001211ae1e8f0 0000000000000001   ....!...........
0x00000019690fee40:   0000000000000000 00000019690fedf8   ...........i....
0x00000019690fee50:   000001210f0d9220 00007ffb80d9575c    ...!...\W......
0x00000019690fee60:   000001211ae1e8f0 00000019690fef44   ....!...D..i....
0x00000019690fee70:   0000000000000000 00007ffb2acc04f9   ...........*....
0x00000019690fee80:   00007ffb80d988b0 00007ffbe881c0be   ................
0x00000019690fee90:   0000000000000066 00007ffbe6a1b099   f...............
0x00000019690feea0:   0000001900000310 0000000000000000   ................
0x00000019690feeb0:   00000019690fef44 0000000000000000   D..i............
0x00000019690feec0:   0000000000000000 0000000000000000   ................
0x00000019690feed0:   000001211ae1e8f0 000001210f0d9220   ....!... ...!...
0x00000019690feee0:   0000000000000000 0000000000000000   ................
0x00000019690feef0:   00002e496189b393 0000000000000000   ...aI...........
0x00000019690fef00:   0000000000000000 0000000000000000   ................
0x00000019690fef10:   0000000000000000 0000000000000000   ................
0x00000019690fef20:   0000000000000000 0000000000000310   ................
0x00000019690fef30:   0000000000000000 000001211ae1e850   ........P...!...
0x00000019690fef40:   0000000000000000 00007ffb80de235b   ........[#......
0x00000019690fef50:   0000000000000000 00006f4baa27040d   ..........'.Ko..
0x00000019690fef60:   000025bb866961c5 0000000000000022   .ai..%..".......
0x00000019690fef70:   000000000000c246 0000000000000000   F...............
0x00000019690fef80:   0000000000000000 00007ffbe69ec539   ........9.......
0x00000019690fef90:   0000000000000000 0000000000000001   ................
0x00000019690fefa0:   0000000000000022 00007ffbe886cd5f   "......._.......
0x00000019690fefb0:   00000000003508ea 00007ffbe69ed78a   ..5.............
0x00000019690fefc0:   ffffffffffffffeb 00002e496189b2a3   ...........aI...

Instructions: (pc=0x00007ffb80dde02c)
  0x00007ffb80dddf2c:   00 00 00 00 8b 04 39 89 01 48 8d 49 04 48 83 ea
  0x00007ffb80dddf3c:   01 75 f1 45 85 e4 7e 11 4d 8b c4 33 d2 49 c1 e0
  0x00007ffb80dddf4c:   02 49 8b ce e8 63 fe 00 00 48 8b 03 45 33 c9 4d
  0x00007ffb80dddf5c:   8b c6 48 8b d5 48 8b cb ff 90 f8 06 00 00 48 8b
  0x00007ffb80dddf6c:   03 45 33 c9 4c 8b c6 49 8b d7 48 8b cb ff 90 f8
  0x00007ffb80dddf7c:   06 00 00 4c 8b 05 1a a5 06 00 48 8b cb 48 8b 15
  0x00007ffb80dddf8c:   f0 a4 06 00 e8 2b e3 fb ff e9 55 ff ff ff 48 8d
  0x00007ffb80dddf9c:   15 97 3a 03 00 48 8b cb e8 4c c7 00 00 e9 50 ff
  0x00007ffb80dddfac:   ff ff cc cc 48 89 5c 24 08 57 48 83 ec 20 8b f9
  0x00007ffb80dddfbc:   e8 df a2 f4 ff 48 8b d8 48 89 44 24 38 41 b8 01
  0x00007ffb80dddfcc:   00 00 00 8b d7 48 8b c8 e8 37 a2 f4 ff 48 8b c8
  0x00007ffb80dddfdc:   e8 6f fd ff ff 90 48 8b cb e8 76 a4 f4 ff 90 48
  0x00007ffb80dddfec:   8b 5c 24 30 48 83 c4 20 5f c3 cc cc cc cc cc cc
  0x00007ffb80dddffc:   cc cc cc cc 48 89 5c 24 08 57 48 83 ec 20 8b f9
  0x00007ffb80dde00c:   e8 8f a2 f4 ff 48 8b d8 48 89 44 24 38 41 b8 01
  0x00007ffb80dde01c:   00 00 00 8b d7 48 8b c8 e8 e7 a1 f4 ff 48 8b 08
=>0x00007ffb80dde02c:   83 79 04 08 7e 04 33 ff eb 0b 48 8b 48 08 e8 61
  0x00007ffb80dde03c:   77 fe ff 8b f8 48 8b cb e8 17 a4 f4 ff 90 8b c7
  0x00007ffb80dde04c:   48 8b 5c 24 30 48 83 c4 20 5f c3 cc cc cc cc cc
  0x00007ffb80dde05c:   cc cc cc cc 48 89 5c 24 08 48 89 74 24 10 48 89
  0x00007ffb80dde06c:   7c 24 18 41 56 48 83 ec 30 41 8b f9 45 8b f0 48
  0x00007ffb80dde07c:   8b f2 48 8b d9 e8 7a 7c 00 00 e8 95 ac ff ff 8b
  0x00007ffb80dde08c:   44 24 68 89 44 24 20 44 8b 4c 24 60 44 8b c7 41
  0x00007ffb80dde09c:   8b d6 48 8b cb e8 2a e6 ff ff 48 8b f8 48 85 c0
  0x00007ffb80dde0ac:   0f 84 8e 00 00 00 48 8b 03 4c 8b 80 f8 00 00 00
  0x00007ffb80dde0bc:   48 8b d6 48 8b cb 41 ff d0 48 8b d0 48 8b cb 48
  0x00007ffb80dde0cc:   85 c0 75 0e 48 8d 15 e9 3a 03 00 e8 19 c6 00 00
  0x00007ffb80dde0dc:   eb 62 48 8b 03 4c 8b 90 08 01 00 00 4c 8d 0d f9
  0x00007ffb80dde0ec:   3a 03 00 4c 8d 05 0a 3b 03 00 41 ff d2 48 8b cb
  0x00007ffb80dde0fc:   48 85 c0 75 1d 48 8b 03 48 8b 90 88 00 00 00 ff
  0x00007ffb80dde10c:   d2 48 8d 15 f4 3a 03 00 48 8b cb e8 d9 c5 00 00
  0x00007ffb80dde11c:   eb 22 4c 8b cf 4c 8b c0 48 8b d6 e8 54 c7 fa ff


Stack slot to memory mapping:

stack at sp + 0 slots: 0x00007ffb80e3b838 awt.dll
stack at sp + 1 slots: 0x0 is null
stack at sp + 2 slots: 0x0 is null
stack at sp + 3 slots: 0x000001211ae1e850 points into unknown readable memory: 0x00007ffb80e0d930 | 30 d9 e0 80 fb 7f 00 00
stack at sp + 4 slots: 0x0 is null
stack at sp + 5 slots: 0x00007ffb80d9839b awt.dll
stack at sp + 6 slots: 0x0 is null
stack at sp + 7 slots: 0x000001210f392570 points into unknown readable memory: 0x000001211ae56cf0 | f0 6c e5 1a 21 01 00 00

Lock stack of current Java thread (top to bottom):

native method entry point (kind = native)  [0x000001210746d120, 0x000001210746dc10]  2800 bytes

Loading hsdis library failed, undisassembled code is shown in MachCode section
[MachCode]
  0x000001210746d120: 488b 4b08 | 0fb7 492e | 584c 8d74 | ccf8 6800 | 0000 0068 | 0000 0000 | 5055 488b | ec41 5548 
  0x000001210746d140: 8b43 084c | 8d68 3848 | 8b40 0868 | 0000 0000 | 5348 8b50 | 1848 8b52 | 7048 8b12 | 5248 8b53 
  0x000001210746d160: 1048 85d2 | 7407 4881 | c2d0 0000 | 0052 488b | 5010 5249 | 8bc6 482b | c548 c1e8 | 0350 6800 
  0x000001210746d180: 0000 0068 | f7ff ffff | 41c6 87ca | 0400 0001 | 488b 4310 | 4885 c074 | 208b 8890 | 0000 0083 
  0x000001210746d1a0: c102 8988 | 9000 0000 | 2388 a400 | 0000 0f84 | ad09 0000 | e9cf 0000 | 0048 8b43 | 1848 85c0 
  0x000001210746d1c0: 0f85 b000 | 0000 e805 | 0000 00e9 | 9900 0000 | 488b d348 | 8d44 2408 | 4c89 6dc0 | 498b cfc5 
  0x000001210746d1e0: f877 4989 | af20 0400 | 0049 8987 | 1004 0000 | 4883 ec20 | 40f6 c40f | 0f84 1900 | 0000 4883 
  0x000001210746d200: ec08 48b8 | d0ce c42a | fb7f 0000 | ffd0 4883 | c408 e90c | 0000 0048 | b8d0 cec4 | 2afb 7f00 
  0x000001210746d220: 00ff d048 | 83c4 2049 | c787 1004 | 0000 0000 | 0000 49c7 | 8720 0400 | 0000 0000 | 0049 c787 
  0x000001210746d240: 1804 0000 | 0000 0000 | c5f8 7749 | 837f 0800 | 0f84 0500 | 0000 e985 | 45ff ff4c | 8b6d c04c 
  0x000001210746d260: 8b75 c84e | 8d74 f500 | c348 8b43 | 1848 85c0 | 0f84 1200 | 0000 8b48 | 0883 c102 | 8948 0823 
  0x000001210746d280: 482c 0f84 | d908 0000 | 493b a750 | 0500 000f | 8748 0000 | 0089 8424 | 00f0 ffff | 8984 2400 
  0x000001210746d2a0: e0ff ff89 | 8424 00d0 | ffff 8984 | 2400 c0ff | ff89 8424 | 00b0 ffff | 8984 2400 | a0ff ff89 
  0x000001210746d2c0: 8424 0090 | ffff 8984 | 2400 80ff | ff49 3ba7 | 4805 0000 | 7607 4989 | a750 0500 | 0041 c687 
  0x000001210746d2e0: ca04 0000 | 0048 8b5d | e84c 8b5b | 0845 0fb7 | 5b2e 41c1 | e303 492b | e348 83ec | 2048 83e4 
  0x000001210746d300: f04c 8b5b | 604d 85db | 0f85 ab00 | 0000 e805 | 0000 00e9 | 9900 0000 | 488b d348 | 8d44 2408 
  0x000001210746d320: 4c89 6dc0 | 498b cfc5 | f877 4989 | af20 0400 | 0049 8987 | 1004 0000 | 4883 ec20 | 40f6 c40f 
  0x000001210746d340: 0f84 1900 | 0000 4883 | ec08 48b8 | 90f8 c42a | fb7f 0000 | ffd0 4883 | c408 e90c | 0000 0048 
  0x000001210746d360: b890 f8c4 | 2afb 7f00 | 00ff d048 | 83c4 2049 | c787 1004 | 0000 0000 | 0000 49c7 | 8720 0400 
  0x000001210746d380: 0000 0000 | 0049 c787 | 1804 0000 | 0000 0000 | c5f8 7749 | 837f 0800 | 0f84 0500 | 0000 e93d 
  0x000001210746d3a0: 44ff ff4c | 8b6d c04c | 8b75 c84e | 8d74 f500 | c348 8b5d | e84c 8b5b | 6041 ffd3 | 488b 5de8 
  0x000001210746d3c0: 4889 4518 | 440f b75b | 2c41 f6c3 | 080f 841b | 0000 004c | 8b5b 084d | 8b5b 084d | 8b5b 184d 
  0x000001210746d3e0: 8b5b 704d | 8b1b 4c89 | 5d10 488d | 5510 488b | 4358 49ba | 60c6 012b | fb7f 0000 | 493b c20f 
  0x000001210746d400: 85ab 0000 | 00e8 0500 | 0000 e999 | 0000 0048 | 8bd3 488d | 4424 084c | 896d c049 | 8bcf c5f8 
  0x000001210746d420: 7749 89af | 2004 0000 | 4989 8710 | 0400 0048 | 83ec 2040 | f6c4 0f0f | 8419 0000 | 0048 83ec 
  0x000001210746d440: 0848 b890 | f8c4 2afb | 7f00 00ff | d048 83c4 | 08e9 0c00 | 0000 48b8 | 90f8 c42a | fb7f 0000 
  0x000001210746d460: ffd0 4883 | c420 49c7 | 8710 0400 | 0000 0000 | 0049 c787 | 2004 0000 | 0000 0000 | 49c7 8718 
  0x000001210746d480: 0400 0000 | 0000 00c5 | f877 4983 | 7f08 000f | 8405 0000 | 00e9 4643 | ffff 4c8b | 6dc0 4c8b 
  0x000001210746d4a0: 75c8 4e8d | 74f5 00c3 | 488b 5de8 | 488b 4358 | 498d 8f30 | 0400 004c | 8d15 d500 | 0000 4d89 
  0x000001210746d4c0: 9718 0400 | 00c5 f877 | 4989 af20 | 0400 0049 | 89a7 1004 | 0000 41c7 | 87ac 0400 | 0004 0000 
  0x000001210746d4e0: 0049 3ba7 | a805 0000 | 7607 4989 | a7a8 0500 | 00ff d049 | 3ba7 a805 | 0000 720b | 49c7 87a8 
  0x000001210746d500: 0500 0000 | 0000 00c5 | f877 4883 | ec10 c5fb | 1104 2448 | 83ec 1048 | 8904 2448 | c744 2408 
  0x000001210746d520: 0000 0000 | 41c7 87ac | 0400 0005 | 0000 00f0 | 8344 24c0 | 0049 3b6f | 280f 870e | 0000 0041 
  0x000001210746d540: 83bf a804 | 0000 000f | 8420 0000 | 0049 8bcf | 4c8b e448 | 83ec 2048 | 83e4 f048 | b870 63c6 
  0x000001210746d560: 2afb 7f00 | 00ff d049 | 8be4 4d33 | e441 c787 | ac04 0000 | 0800 0000 | 4d8b 97c0 | 0500 0049 
  0x000001210746d580: 83fa 0074 | 3549 c787 | c005 0000 | 0000 0000 | 41ff e249 | ba60 c146 | 0721 0100 | 0041 ffd2 
  0x000001210746d5a0: 4883 ec10 | c5fb 1104 | 2448 83ec | 1048 8904 | 2448 c744 | 2408 0000 | 0000 49c7 | 8710 0400 
  0x000001210746d5c0: 0000 0000 | 0049 c787 | 2004 0000 | 0000 0000 | 49c7 8718 | 0400 0000 | 0000 00c5 | f877 4d8b 
  0x000001210746d5e0: 9f90 0400 | 0041 c783 | 0001 0000 | 0000 0000 | 49bb 5aaa | 4607 2101 | 0000 4c3b | 5d18 0f85 
  0x000001210746d600: 5001 0000 | 488b 0424 | 4883 c410 | 4885 c00f | 842a 0100 | 00a8 030f | 8508 0000 | 0048 8b00 
  0x000001210746d620: e91a 0100 | 00a8 010f | 8509 0000 | 0048 8b40 | fee9 0901 | 0000 488b | 40ff 4180 | 7f48 000f 
  0x000001210746d640: 84fa 0000 | 0048 85c0 | 0f84 f100 | 0000 4d8b | 5f38 4d85 | db74 1449 | 83eb 084d | 895f 384d 
  0x000001210746d660: 035f 4049 | 8903 e9d4 | 0000 0048 | 83ec 7048 | 8904 2448 | 894c 2408 | 4889 5424 | 104c 8944 
  0x000001210746d680: 2418 4c89 | 4c24 204c | 8954 2428 | 4c89 5c24 | 30c5 fb11 | 4424 40c5 | fb11 4c24 | 48c5 fb11 
  0x000001210746d6a0: 5424 50c5 | fb11 5c24 | 58c5 fb11 | 6424 60c5 | fb11 6c24 | 6849 8bd7 | 488b c848 | 83ec 2040 
  0x000001210746d6c0: f6c4 0f0f | 8419 0000 | 0048 83ec | 0848 b800 | 08b9 2afb | 7f00 00ff | d048 83c4 | 08e9 0c00 
  0x000001210746d6e0: 0000 48b8 | 0008 b92a | fb7f 0000 | ffd0 4883 | c420 c5fb | 106c 2468 | c5fb 1064 | 2460 c5fb 
  0x000001210746d700: 105c 2458 | c5fb 1054 | 2450 c5fb | 104c 2448 | c5fb 1044 | 2440 4c8b | 5c24 304c | 8b54 2428 
  0x000001210746d720: 4c8b 4c24 | 204c 8b44 | 2418 488b | 5424 1048 | 8b4c 2408 | 488b 0424 | 4883 c470 | c5f8 7748 
  0x000001210746d740: 8945 1048 | 83ec 1048 | 8904 2448 | c744 2408 | 0000 0000 | 4183 bf30 | 0500 0002 | 0f85 bf00 
  0x000001210746d760: 0000 4881 | ec80 0000 | 0048 8944 | 2478 4889 | 4c24 7048 | 8954 2468 | 4889 5c24 | 6048 896c 
  0x000001210746d780: 2450 4889 | 7424 4848 | 897c 2440 | 4c89 4424 | 384c 894c | 2430 4c89 | 5424 284c | 895c 2420 
  0x000001210746d7a0: 4c89 6424 | 184c 896c | 2410 4c89 | 7424 084c | 893c 244c | 8be4 4883 | ec20 4883 | e4f0 48b8 
  0x000001210746d7c0: e0ad 012b | fb7f 0000 | ffd0 498b | e44c 8b3c | 244c 8b74 | 2408 4c8b | 6c24 104c | 8b64 2418 
  0x000001210746d7e0: 4c8b 5c24 | 204c 8b54 | 2428 4c8b | 4c24 304c | 8b44 2438 | 488b 7c24 | 4048 8b74 | 2448 488b 
  0x000001210746d800: 6c24 5048 | 8b5c 2460 | 488b 5424 | 6848 8b4c | 2470 488b | 4424 7848 | 81c4 8000 | 0000 4d33 
  0x000001210746d820: e448 8b5d | e84c 8b6b | 084d 8d6d | 3849 837f | 0800 0f84 | bb00 0000 | e805 0000 | 00e9 9600 
  0x000001210746d840: 0000 488d | 4424 084c | 896d c049 | 8bcf c5f8 | 7749 89af | 2004 0000 | 4989 8710 | 0400 0048 
  0x000001210746d860: 83ec 2040 | f6c4 0f0f | 8419 0000 | 0048 83ec | 0848 b8c0 | 16c5 2afb | 7f00 00ff | d048 83c4 
  0x000001210746d880: 08e9 0c00 | 0000 48b8 | c016 c52a | fb7f 0000 | ffd0 4883 | c420 49c7 | 8710 0400 | 0000 0000 
  0x000001210746d8a0: 0049 c787 | 2004 0000 | 0000 0000 | 49c7 8718 | 0400 0000 | 0000 00c5 | f877 4983 | 7f08 000f 
  0x000001210746d8c0: 8405 0000 | 00e9 163f | ffff 4c8b | 6dc0 4c8b | 75c8 4e8d | 74f5 00c3 | 48b9 18cc | 352b fb7f 
  0x000001210746d8e0: 0000 4883 | e4f0 48b8 | 6041 ee2a | fb7f 0000 | ffd0 f444 | 0fb7 5b2c | 41f6 c320 | 0f84 7201 
  0x000001210746d900: 0000 488d | 55a8 4c8b | 5a08 4d85 | db0f 85bb | 0000 00e8 | 0500 0000 | e996 0000 | 0048 8d44 
  0x000001210746d920: 2408 4c89 | 6dc0 498b | cfc5 f877 | 4989 af20 | 0400 0049 | 8987 1004 | 0000 4883 | ec20 40f6 
  0x000001210746d940: c40f 0f84 | 1900 0000 | 4883 ec08 | 48b8 f015 | c52a fb7f | 0000 ffd0 | 4883 c408 | e90c 0000 
  0x000001210746d960: 0048 b8f0 | 15c5 2afb | 7f00 00ff | d048 83c4 | 2049 c787 | 1004 0000 | 0000 0000 | 49c7 8720 
  0x000001210746d980: 0400 0000 | 0000 0049 | c787 1804 | 0000 0000 | 0000 c5f8 | 7749 837f | 0800 0f84 | 0500 0000 
  0x000001210746d9a0: e93b 3eff | ff4c 8b6d | c04c 8b75 | c84e 8d74 | f500 c348 | b918 cc35 | 2bfb 7f00 | 0048 83e4 
  0x000001210746d9c0: f048 b860 | 41ee 2afb | 7f00 00ff | d0f4 4c89 | 6dc0 4c8b | 4a08 48c7 | 4208 0000 | 0000 458b 
  0x000001210746d9e0: 87c8 0600 | 004f 3b4c | 07f8 0f85 | 4200 0000 | 4183 afc8 | 0600 0008 | 4f3b 4c07 | f00f 842a 
  0x000001210746da00: 0000 0049 | 8b01 a802 | 0f85 1200 | 0000 4c8b | c049 83c8 | 01f0 4d0f | b101 0f84 | 0d00 0000 
  0x000001210746da20: 4183 87c8 | 0600 0008 | e905 0000 | 00e9 3e00 | 0000 4c89 | 4a08 488b | ca48 83ec | 2040 f6c4 
  0x000001210746da40: 0f0f 8419 | 0000 0048 | 83ec 0848 | b820 e8c4 | 2afb 7f00 | 00ff d048 | 83c4 08e9 | 0c00 0000 
  0x000001210746da60: 48b8 20e8 | c42a fb7f | 0000 ffd0 | 4883 c420 | 4c8b 6dc0 | 41c6 877e | 0300 0001 | 493b 6f28 
  0x000001210746da80: 0f87 0500 | 0000 e9ab | 0000 0048 | 83ec 10c5 | fb11 0424 | 4883 ec10 | 4889 0424 | 48c7 4424 
  0x000001210746daa0: 0800 0000 | 00c5 f877 | 4989 af20 | 0400 0049 | baa5 da46 | 0721 0100 | 004d 8997 | 1804 0000 
  0x000001210746dac0: 4989 a710 | 0400 0049 | 8bcf 4883 | ec20 40f6 | c40f 0f84 | 1900 0000 | 4883 ec08 | 48b8 60ce 
  0x000001210746dae0: c42a fb7f | 0000 ffd0 | 4883 c408 | e90c 0000 | 0048 b860 | cec4 2afb | 7f00 00ff | d048 83c4 
  0x000001210746db00: 2049 c787 | 1004 0000 | 0000 0000 | 49c7 8720 | 0400 0000 | 0000 0049 | c787 1804 | 0000 0000 
  0x000001210746db20: 0000 c5f8 | 7748 8b04 | 2448 83c4 | 10c5 fb10 | 0424 4883 | c410 488b | 0424 4883 | c410 c5fb 
  0x000001210746db40: 1004 2448 | 83c4 104c | 8b5d 1841 | ffd3 4c8b | 5df8 c941 | c687 7e03 | 0000 005f | 498b e3ff 
  0x000001210746db60: e7ba 0000 | 0000 e805 | 0000 00e9 | 9600 0000 | 488d 4424 | 084c 896d | c049 8bcf | c5f8 7749 
  0x000001210746db80: 89af 2004 | 0000 4989 | 8710 0400 | 0048 83ec | 2040 f6c4 | 0f0f 8419 | 0000 0048 | 83ec 0848 
  0x000001210746dba0: b820 dec4 | 2afb 7f00 | 00ff d048 | 83c4 08e9 | 0c00 0000 | 48b8 20de | c42a fb7f | 0000 ffd0 
  0x000001210746dbc0: 4883 c420 | 49c7 8710 | 0400 0000 | 0000 0049 | c787 2004 | 0000 0000 | 0000 49c7 | 8718 0400 
  0x000001210746dbe0: 0000 0000 | 00c5 f877 | 4983 7f08 | 000f 8405 | 0000 00e9 | e83b ffff | 4c8b 6dc0 | 4c8b 75c8 
  0x000001210746dc00: 4e8d 74f5 | 00c3 488b | 5de8 e979 | f6ff ff90 
[/MachCode]

---------------  P R O C E S S  ---------------

Threads class SMR info:
_java_thread_list=0x000001211b0d3ef0, length=17, elements={
0x000001217f4d3e30, 0x000001217f4d4730, 0x000001217f4db1b0, 0x000001217f4de5d0,
0x000001217f4deda0, 0x000001217f4e14b0, 0x000001217f4ebe60, 0x000001217f4f8160,
0x000001217f4e1c80, 0x000001217f4e2450, 0x000001217f4e2c20, 0x000001210f0d8620,
0x000001210f0d8df0, 0x000001210fd04340, 0x000001210fd07220, 0x000001210fd05ab0,
0x000001211af83e40
}

Java Threads: ( => current thread )
  0x000001217f4d3e30 JavaThread "Reference Handler"          daemon [_thread_blocked, id=4336, stack(0x0000001968300000,0x0000001968400000) (1024K)]
  0x000001217f4d4730 JavaThread "Finalizer"                  daemon [_thread_blocked, id=3832, stack(0x0000001968400000,0x0000001968500000) (1024K)]
  0x000001217f4db1b0 JavaThread "Signal Dispatcher"          daemon [_thread_blocked, id=20100, stack(0x0000001968500000,0x0000001968600000) (1024K)]
  0x000001217f4de5d0 JavaThread "Attach Listener"            daemon [_thread_blocked, id=24204, stack(0x0000001968600000,0x0000001968700000) (1024K)]
  0x000001217f4deda0 JavaThread "Service Thread"             daemon [_thread_blocked, id=19628, stack(0x0000001968700000,0x0000001968800000) (1024K)]
  0x000001217f4e14b0 JavaThread "Monitor Deflation Thread"   daemon [_thread_blocked, id=21336, stack(0x0000001968800000,0x0000001968900000) (1024K)]
  0x000001217f4ebe60 JavaThread "C2 CompilerThread0"         daemon [_thread_blocked, id=21924, stack(0x0000001968900000,0x0000001968a00000) (1024K)]
  0x000001217f4f8160 JavaThread "C1 CompilerThread0"         daemon [_thread_blocked, id=21468, stack(0x0000001968a00000,0x0000001968b00000) (1024K)]
  0x000001217f4e1c80 JavaThread "Notification Thread"        daemon [_thread_blocked, id=17740, stack(0x0000001968b00000,0x0000001968c00000) (1024K)]
  0x000001217f4e2450 JavaThread "Common-Cleaner"             daemon [_thread_blocked, id=16524, stack(0x0000001968c00000,0x0000001968d00000) (1024K)]
  0x000001217f4e2c20 JavaThread "Java2D Disposer"            daemon [_thread_blocked, id=7748, stack(0x0000001968e00000,0x0000001968f00000) (1024K)]
  0x000001210f0d8620 JavaThread "AWT-Shutdown"                      [_thread_blocked, id=9920, stack(0x0000001968f00000,0x0000001969000000) (1024K)]
=>0x000001210f0d8df0 JavaThread "AWT-Windows"                daemon [_thread_in_native, id=19388, stack(0x0000001969000000,0x0000001969100000) (1024K)]
  0x000001210fd04340 JavaThread "AWT-EventQueue-0"                  [_thread_in_native, id=9164, stack(0x000000196a300000,0x000000196a400000) (1024K)]
  0x000001210fd07220 JavaThread "DestroyJavaVM"                     [_thread_blocked, id=17164, stack(0x0000001967a00000,0x0000001967b00000) (1024K)]
  0x000001210fd05ab0 JavaThread "D3D Screen Updater"         daemon [_thread_blocked, id=11956, stack(0x000000196a900000,0x000000196aa00000) (1024K)]
  0x000001211af83e40 JavaThread "TimerQueue"                 daemon [_thread_blocked, id=23672, stack(0x000000196aa00000,0x000000196ab00000) (1024K)]
Total: 17

Other Threads:
  0x000001217f4c4ed0 VMThread "VM Thread"                           [id=18900, stack(0x0000001968200000,0x0000001968300000) (1024K)]
  0x000001217f4b28d0 WatcherThread "VM Periodic Task Thread"        [id=15404, stack(0x0000001968100000,0x0000001968200000) (1024K)]
  0x000001216e3c6f50 WorkerThread "GC Thread#0"                     [id=23560, stack(0x0000001967b00000,0x0000001967c00000) (1024K)]
  0x000001211ae14930 WorkerThread "GC Thread#1"                     [id=11172, stack(0x000000196a000000,0x000000196a100000) (1024K)]
  0x000001211ae0ba70 WorkerThread "GC Thread#2"                     [id=21836, stack(0x000000196a100000,0x000000196a200000) (1024K)]
  0x000001211ae102b0 WorkerThread "GC Thread#3"                     [id=20460, stack(0x000000196a200000,0x000000196a300000) (1024K)]
  0x000001210f3d3100 WorkerThread "GC Thread#4"                     [id=8020, stack(0x000000196a400000,0x000000196a500000) (1024K)]
  0x000001210f3d1fc0 WorkerThread "GC Thread#5"                     [id=1288, stack(0x000000196a500000,0x000000196a600000) (1024K)]
  0x000001216e3dc950 ConcurrentGCThread "G1 Main Marker"            [id=4524, stack(0x0000001967c00000,0x0000001967d00000) (1024K)]
  0x000001216e3de1a0 WorkerThread "G1 Conc#0"                       [id=16628, stack(0x0000001967d00000,0x0000001967e00000) (1024K)]
  0x000001217f37dc10 WorkerThread "G1 Refinement Workers#0"         [id=20432, stack(0x0000001967f00000,0x0000001968000000) (1024K)]
  0x000001216e43e4f0 ConcurrentGCThread "G1 Refine Control"         [id=9648, stack(0x0000001967e00000,0x0000001967f00000) (1024K)]
  0x000001217f37ff00 ConcurrentGCThread "G1 Service"                [id=8800, stack(0x0000001968000000,0x0000001968100000) (1024K)]
Total: 13

Threads with active compile tasks:
Total: 0

VM state: not at safepoint (normal execution)

VM Mutex/Monitor currently owned by a thread: None

Heap address: 0x0000000724e00000, size: 3506 MB, Compressed Oops mode: Zero based, Oop shift amount: 3

CDS archive(s) mapped at: [0x0000000038000000-0x0000000038de0000-0x0000000038de0000), size 14548992, SharedBaseAddress: 0x0000000038000000, ArchiveRelocationMode: 1.
Compressed class space mapped at: 0x0000000039000000-0x0000000079000000, reserved size: 1073741824
UseCompressedClassPointers 1, UseCompactObjectHeaders 0
Narrow klass pointer bits 32, Max shift 3
Narrow klass base: 0x0000000038000000, Narrow klass shift: 0
Encoding Range: [0x0000000038000000 - 0x0000000138000000), (4294967296 bytes)
Klass Range:    [0x0000000038000000 - 0x0000000079000000), (1090519040 bytes)
Klass ID Range:  [8 - 1090519033) (1090519025)
Protection zone: [0x0000000038000000 - 0x0000000038010000), (65536 bytes)

GC Precious Log:
 CardTable entry size: 512
 Card Set container configuration: InlinePtr #cards 4 size 8 Array Of Cards #cards 16 size 48 Howl #buckets 8 coarsen threshold 3686 Howl Bitmap #cards 512 size 80 coarsen threshold 460 Card regions per heap region 1 cards per card region 4096
 CPUs: 16 total, 16 available
 Memory: 14020M
 Large Page Support: Disabled
 NUMA Support: Disabled
 Compressed Oops: Enabled (Zero based)
 Heap Region Size: 2M
 Heap Min Capacity: 8M
 Heap Initial Capacity: 8M
 Heap Max Capacity: 3506M
 Pre-touch: Disabled
 Parallel Workers: 13
 Concurrent Workers: 3
 Concurrent Refinement Workers: 13
 Periodic GC: Disabled

Heap:
 garbage-first heap   total reserved 3590144K, committed 10240K, used 2602K [0x0000000724e00000, 0x0000000800000000)
  region size 2M, 1 eden (2M), 1 survivor (2M), 1 old (2M), 0 humongous (0M), 2 free (4M)

Heap Regions: E=young(eden), S=young(survivor), O=old, HS=humongous(starts), HC=humongous(continues), CS=collection set, F=free, TAMS=top-at-mark-start, PB=parsable bottom
|    0|0x0000000724e00000, 0x0000000724e00000, 0x0000000725000000|  0%| F|  |TAMS 0x0000000724e00000| PB 0x0000000724e00000| Untracked |  0
|    1|0x0000000725000000, 0x0000000725162c10, 0x0000000725200000| 69%| S|CS|TAMS 0x0000000725000000| PB 0x0000000725000000| Complete  |  0
|    2|0x0000000725200000, 0x0000000725200000, 0x0000000725400000|  0%| F|  |TAMS 0x0000000725200000| PB 0x0000000725200000| Untracked |  0
|    3|0x0000000725400000, 0x0000000725410218, 0x0000000725600000|  3%| E|CS|TAMS 0x0000000725400000| PB 0x0000000725400000| Complete  |  0
| 1752|0x00000007ffe00000, 0x00000007fff27c00, 0x0000000800000000| 57%| O|  |TAMS 0x00000007ffe00000| PB 0x00000007ffe00000| Untracked |  0

Card table byte_map: [0x00000121788e0000,0x0000012178fc0000] _byte_map_base: 0x0000012174fb9000
Refinement table byte_map: [0x0000012178200000,0x00000121788e0000] _byte_map_base: 0x00000121748d9000

Marking Bits: (CMBitMap*) 0x000001216e3c76d0
 Bits: [0x0000012178fc0000, 0x000001217c688000)

Polling page: 0x000001216c190000

Metaspace:
Metaspace        used 8360K, committed 8576K, reserved 1114112K
 class space     used 943K, committed 1024K, reserved 1048576K

Usage:
  Non-class:      7.24 MB used.
      Class:    943.14 KB used.
       Both:      8.16 MB used.

Virtual space:
  Non-class space:       64.00 MB reserved,       7.38 MB ( 12%) committed,  1 nodes.
      Class space:        1.00 GB reserved,       1.00 MB ( <1%) committed,  1 nodes.
             Both:        1.06 GB reserved,       8.38 MB ( <1%) committed. 

Chunk freelists:
   Non-Class:  8.47 MB
       Class:  15.04 MB
        Both:  23.51 MB

MaxMetaspaceSize: unlimited
CompressedClassSpaceSize: 1.00 GB
Initial GC threshold: 21.00 MB
Current GC threshold: 21.00 MB
CDS: on
 - commit_granule_bytes: 65536.
 - commit_granule_words: 8192.
 - virtual_space_node_default_size: 8388608.
 - enlarge_chunks_in_place: 1.
UseCompressedClassPointers 1, UseCompactObjectHeaders 0
Narrow klass pointer bits 32, Max shift 3
Narrow klass base: 0x0000000038000000, Narrow klass shift: 0
Encoding Range: [0x0000000038000000 - 0x0000000138000000), (4294967296 bytes)
Klass Range:    [0x0000000038000000 - 0x0000000079000000), (1090519040 bytes)
Klass ID Range:  [8 - 1090519033) (1090519025)
Protection zone: [0x0000000038000000 - 0x0000000038010000), (65536 bytes)


Internal statistics:

num_allocs_failed_limit: 0.
num_arena_births: 94.
num_arena_deaths: 0.
num_vsnodes_births: 2.
num_vsnodes_deaths: 0.
num_space_committed: 134.
num_space_uncommitted: 0.
num_chunks_returned_to_freelist: 0.
num_chunks_taken_from_freelist: 153.
num_chunk_merges: 0.
num_chunk_splits: 77.
num_chunks_enlarged: 12.
num_inconsistent_stats: 0.

CodeHeap 'non-profiled nmethods': size=119168Kb used=251Kb max_used=251Kb free=118916Kb
 bounds [0x0000012107bb0000, 0x0000012107e20000, 0x000001210f010000]
CodeHeap 'profiled nmethods': size=119168Kb used=1267Kb max_used=1267Kb free=117900Kb
 bounds [0x0000012100000000, 0x0000012100270000, 0x0000012107460000]
CodeHeap 'non-nmethods': size=7488Kb used=1523Kb max_used=2100Kb free=5964Kb
 bounds [0x0000012107460000, 0x00000121076d0000, 0x0000012107bb0000]
CodeCache: size=245824Kb, used=3041Kb, max_used=3618Kb, free=242780Kb
 total_blobs=1635, nmethods=989, adapters=551, full_count=0
Compilation: enabled, stopped_count=0, restarted_count=0

Compilation events (20 events):
Event: 24.541 Thread 0x000001217f4f8160  979   !   3       java.lang.Object::wait (59 bytes)
Event: 24.541 Thread 0x000001217f4f8160 nmethod 979 0x000001210013c288 code [0x000001210013c380, 0x000001210013c8e8]
Event: 26.414 Thread 0x000001217f4f8160  980       3       sun.java2d.d3d.D3DSurfaceData$D3DWindowSurfaceData::isDirty (18 bytes)
Event: 26.414 Thread 0x000001217f4f8160 nmethod 980 0x000001210013c908 code [0x000001210013ca00, 0x000001210013cc18]
Event: 26.414 Thread 0x000001217f4f8160  981       3       sun.java2d.StateTrackableDelegate$1::isCurrent (17 bytes)
Event: 26.414 Thread 0x000001217f4f8160 nmethod 981 0x000001210013cc88 code [0x000001210013cd80, 0x000001210013ced8]
Event: 464.475 Thread 0x000001217f4ebe60  983       4       java.util.Arrays::copyOf (40 bytes)
Event: 464.479 Thread 0x000001217f4ebe60 nmethod 983 0x0000012107becd88 code [0x0000012107bece80, 0x0000012107bed350]
Event: 474.812 Thread 0x000001217f4ebe60  984       4       java.lang.Math::min (11 bytes)
Event: 474.813 Thread 0x000001217f4ebe60 nmethod 984 0x0000012107bed388 code [0x0000012107bed480, 0x0000012107bed4e0]
Event: 478.759 Thread 0x000001217f4ebe60  985       4       java.util.Arrays::copyOf (40 bytes)
Event: 478.764 Thread 0x000001217f4ebe60 nmethod 985 0x0000012107bed688 code [0x0000012107bed780, 0x0000012107bedcc0]
Event: 559.821 Thread 0x000001217f4ebe60  986   !   4       java.lang.Object::wait (59 bytes)
Event: 559.822 Thread 0x000001217f4ebe60 nmethod 986 0x0000012107bedd08 code [0x0000012107bede00, 0x0000012107bedef0]
Event: 587.091 Thread 0x000001217f4ebe60  987       4       java.util.ArrayList::toArray (57 bytes)
Event: 587.095 Thread 0x000001217f4ebe60 nmethod 987 0x0000012107bee008 code [0x0000012107bee100, 0x0000012107bee4f0]
Event: 591.349 Thread 0x000001217f4ebe60  988       4       sun.java2d.d3d.D3DSurfaceData$D3DWindowSurfaceData::isDirty (18 bytes)
Event: 591.350 Thread 0x000001217f4ebe60 nmethod 988 0x0000012107bee508 code [0x0000012107bee600, 0x0000012107bee6e8]
Event: 601.674 Thread 0x000001217f4ebe60  989       4       java.util.ArrayList::toArray (57 bytes)
Event: 601.677 Thread 0x000001217f4ebe60 nmethod 989 0x0000012107bee808 code [0x0000012107bee900, 0x0000012107beedd8]

GC Heap Usage History (6 events):
Event: 0.220 {heap Before GC invocations=0 (full 0):
 garbage-first heap   total reserved 3590144K, committed 10240K, used 5279K [0x0000000724e00000, 0x0000000800000000)
  region size 2M, 2 eden (4M), 0 survivor (0M), 1 old (2M), 0 humongous (0M), 2 free (4M)
}
Event: 0.222 {heap After GC invocations=1 (full 0):
 garbage-first heap   total reserved 3590144K, committed 10240K, used 2015K [0x0000000724e00000, 0x0000000800000000)
  region size 2M, 0 eden (0M), 1 survivor (2M), 1 old (2M), 0 humongous (0M), 3 free (6M)
}
Event: 0.284 {heap Before GC invocations=1 (full 0):
 garbage-first heap   total reserved 3590144K, committed 10240K, used 4063K [0x0000000724e00000, 0x0000000800000000)
  region size 2M, 1 eden (2M), 1 survivor (2M), 1 old (2M), 0 humongous (0M), 2 free (4M)
}
Event: 0.285 {heap After GC invocations=2 (full 0):
 garbage-first heap   total reserved 3590144K, committed 10240K, used 2269K [0x0000000724e00000, 0x0000000800000000)
  region size 2M, 0 eden (0M), 1 survivor (2M), 1 old (2M), 0 humongous (0M), 3 free (6M)
}
Event: 1222.967 {heap Before GC invocations=2 (full 0):
 garbage-first heap   total reserved 3590144K, committed 10240K, used 4317K [0x0000000724e00000, 0x0000000800000000)
  region size 2M, 1 eden (2M), 1 survivor (2M), 1 old (2M), 0 humongous (0M), 2 free (4M)
}
Event: 1222.970 {heap After GC invocations=3 (full 0):
 garbage-first heap   total reserved 3590144K, committed 10240K, used 2602K [0x0000000724e00000, 0x0000000800000000)
  region size 2M, 0 eden (0M), 1 survivor (2M), 1 old (2M), 0 humongous (0M), 3 free (6M)
}

Metaspace Usage History (6 events):
Event: 0.220 {metaspace Before GC invocations=0 (full 0):
 Metaspace       used 3781K, committed 3968K, reserved 1114112K
  class space    used 356K, committed 448K, reserved 1048576K
}
Event: 0.222 {metaspace After GC invocations=1 (full 0):
 Metaspace       used 3781K, committed 3968K, reserved 1114112K
  class space    used 356K, committed 448K, reserved 1048576K
}
Event: 0.284 {metaspace Before GC invocations=1 (full 0):
 Metaspace       used 6926K, committed 7168K, reserved 1114112K
  class space    used 778K, committed 896K, reserved 1048576K
}
Event: 0.285 {metaspace After GC invocations=2 (full 0):
 Metaspace       used 6926K, committed 7168K, reserved 1114112K
  class space    used 778K, committed 896K, reserved 1048576K
}
Event: 1222.967 {metaspace Before GC invocations=2 (full 0):
 Metaspace       used 8350K, committed 8512K, reserved 1114112K
  class space    used 941K, committed 1024K, reserved 1048576K
}
Event: 1222.970 {metaspace After GC invocations=3 (full 0):
 Metaspace       used 8350K, committed 8512K, reserved 1114112K
  class space    used 941K, committed 1024K, reserved 1048576K
}

Dll operation events (14 events):
Event: 0.006 Attempting to load shared library C:\Program Files\Apache NetBeans\jdk\bin\java.dll
Event: 0.008 Loaded shared library C:\Program Files\Apache NetBeans\jdk\bin\java.dll
Event: 0.045 Attempting to load shared library C:\Program Files\Apache NetBeans\jdk\bin\jimage.dll
Event: 0.045 Loaded shared library C:\Program Files\Apache NetBeans\jdk\bin\jimage.dll
Event: 0.046 Attempting to load shared library C:\Program Files\Apache NetBeans\jdk\bin\net.dll
Event: 0.047 Loaded shared library C:\Program Files\Apache NetBeans\jdk\bin\net.dll
Event: 0.049 Attempting to load shared library C:\Program Files\Apache NetBeans\jdk\bin\nio.dll
Event: 0.049 Loaded shared library C:\Program Files\Apache NetBeans\jdk\bin\nio.dll
Event: 0.057 Attempting to load shared library C:\Program Files\Apache NetBeans\jdk\bin\awt.dll
Event: 0.059 Loaded shared library C:\Program Files\Apache NetBeans\jdk\bin\awt.dll
Event: 0.278 Attempting to load shared library C:\Program Files\Apache NetBeans\jdk\bin\freetype.dll
Event: 0.278 Loaded shared library C:\Program Files\Apache NetBeans\jdk\bin\freetype.dll
Event: 0.279 Attempting to load shared library C:\Program Files\Apache NetBeans\jdk\bin\fontmanager.dll
Event: 0.279 Loaded shared library C:\Program Files\Apache NetBeans\jdk\bin\fontmanager.dll

Deoptimization events (20 events):
Event: 0.299 Thread 0x000001216bfde7a0 Uncommon trap: trap_request=0xffffff45 fr.pc=0x0000012107bd5158 relative=0x00000000000004d8
Event: 0.299 Thread 0x000001216bfde7a0 Uncommon trap: reason=unstable_if action=reinterpret pc=0x0000012107bd5158 method=java.lang.StringLatin1.replace([BCC)Ljava/lang/String; @ 19 c2
Event: 0.299 Thread 0x000001216bfde7a0 DEOPT PACKING pc=0x0000012107bd5158 sp=0x0000001967afe950
Event: 0.299 Thread 0x000001216bfde7a0 DEOPT UNPACKING pc=0x0000012107581a02 sp=0x0000001967afe8d0 mode 2
Event: 0.338 Thread 0x000001216bfde7a0 Uncommon trap: trap_request=0xffffff54 fr.pc=0x0000012107bddc60 relative=0x0000000000000060
Event: 0.338 Thread 0x000001216bfde7a0 Uncommon trap: reason=speculate_null_check action=make_not_entrant pc=0x0000012107bddc60 method=jdk.internal.misc.Unsafe.getIntUnaligned(Ljava/lang/Object;JZ)I @ 5 c2
Event: 0.338 Thread 0x000001216bfde7a0 DEOPT PACKING pc=0x0000012107bddc60 sp=0x0000001967afd9d0
Event: 0.338 Thread 0x000001216bfde7a0 DEOPT UNPACKING pc=0x0000012107581a02 sp=0x0000001967afd928 mode 2
Event: 464.585 Thread 0x000001210fd05ab0 Uncommon trap: trap_request=0xffffffcc fr.pc=0x0000012107bed128 relative=0x00000000000002a8
Event: 464.585 Thread 0x000001210fd05ab0 Uncommon trap: reason=intrinsic_or_type_checked_inlining action=make_not_entrant pc=0x0000012107bed128 method=java.util.Arrays.copyOf([Ljava/lang/Object;ILjava/lang/Class;)[Ljava/lang/Object; @ 35 c2
Event: 464.585 Thread 0x000001210fd05ab0 DEOPT PACKING pc=0x0000012107bed128 sp=0x000000196a9ff270
Event: 464.585 Thread 0x000001210fd05ab0 DEOPT UNPACKING pc=0x0000012107581a02 sp=0x000000196a9ff200 mode 2
Event: 587.202 Thread 0x000001210fd05ab0 Uncommon trap: trap_request=0xffffffdc fr.pc=0x0000012107bee308 relative=0x0000000000000208
Event: 587.202 Thread 0x000001210fd05ab0 Uncommon trap: reason=class_check action=make_not_entrant pc=0x0000012107bee308 method=java.util.ArrayList.toArray([Ljava/lang/Object;)[Ljava/lang/Object; @ 21 c2
Event: 587.202 Thread 0x000001210fd05ab0 DEOPT PACKING pc=0x0000012107bee308 sp=0x000000196a9ff2d0
Event: 587.203 Thread 0x000001210fd05ab0 DEOPT UNPACKING pc=0x0000012107581a02 sp=0x000000196a9ff290 mode 2
Event: 1274.185 Thread 0x000001210fd05ab0 Uncommon trap: trap_request=0xffffff45 fr.pc=0x0000012107bee68c relative=0x000000000000008c
Event: 1274.185 Thread 0x000001210fd05ab0 Uncommon trap: reason=unstable_if action=reinterpret pc=0x0000012107bee68c method=sun.java2d.StateTrackableDelegate$1.isCurrent()Z @ 8 c2
Event: 1274.185 Thread 0x000001210fd05ab0 DEOPT PACKING pc=0x0000012107bee68c sp=0x000000196a9ff300
Event: 1274.185 Thread 0x000001210fd05ab0 DEOPT UNPACKING pc=0x0000012107581a02 sp=0x000000196a9ff238 mode 2

Classes loaded (20 events):
Event: 2.622 Loading class sun/awt/AWTAccessor$MouseEventAccessor done
Event: 2.622 Loading class java/awt/event/MouseEvent$1 done
Event: 2.622 Loading class java/awt/Cursor$CursorDisposer
Event: 2.622 Loading class java/awt/Cursor$CursorDisposer done
Event: 2.622 Loading class java/awt/Container$MouseEventTargetFilter
Event: 2.622 Loading class java/awt/Container$EventTargetFilter
Event: 2.622 Loading class java/awt/Container$EventTargetFilter done
Event: 2.623 Loading class java/awt/Container$MouseEventTargetFilter done
Event: 2.623 Loading class java/awt/event/AWTEventListenerProxy
Event: 2.623 Loading class java/awt/event/AWTEventListenerProxy done
Event: 2.623 Loading class java/awt/Toolkit$SelectiveAWTEventListener
Event: 2.623 Loading class java/awt/Toolkit$SelectiveAWTEventListener done
Event: 2.623 Loading class java/awt/Toolkit$ToolkitEventMulticaster
Event: 2.623 Loading class java/awt/Toolkit$ToolkitEventMulticaster done
Event: 2.623 Loading class java/awt/event/MouseWheelEvent
Event: 2.623 Loading class java/awt/event/MouseWheelEvent done
Event: 1274.592 Loading class java/util/WeakHashMap$KeyIterator
Event: 1274.593 Loading class java/util/WeakHashMap$HashIterator
Event: 1274.593 Loading class java/util/WeakHashMap$HashIterator done
Event: 1274.593 Loading class java/util/WeakHashMap$KeyIterator done

Classes unloaded (0 events):
No events

Classes redefined (0 events):
No events

Internal exceptions (20 events):
Event: 0.125 Thread 0x000001216bfde7a0 Exception <a 'java/lang/NoSuchMethodError'{0x000000072553a778}: 'java.lang.Object java.lang.invoke.DirectMethodHandle$Holder.invokeStatic(java.lang.Object, long, java.lang.Object)'> (0x000000072553a778) 
thrown [s\src\hotspot\share\interpreter\linkResolver.cpp, line 804]
Event: 0.125 Thread 0x000001216bfde7a0 Exception <a 'java/lang/NoSuchMethodError'{0x00000007255428c8}: 'java.lang.Object java.lang.invoke.DirectMethodHandle$Holder.invokeStaticInit(java.lang.Object, long, java.lang.Object)'> (0x00000007255428c8) 
thrown [s\src\hotspot\share\interpreter\linkResolver.cpp, line 804]
Event: 0.125 Thread 0x000001216bfde7a0 Exception <a 'java/lang/NoSuchMethodError'{0x000000072554ad40}: 'java.lang.Object java.lang.invoke.DirectMethodHandle$Holder.invokeStatic(java.lang.Object, long)'> (0x000000072554ad40) 
thrown [s\src\hotspot\share\interpreter\linkResolver.cpp, line 804]
Event: 0.126 Thread 0x000001216bfde7a0 Exception <a 'java/lang/NoSuchMethodError'{0x0000000725553000}: 'java.lang.Object java.lang.invoke.DirectMethodHandle$Holder.invokeStaticInit(java.lang.Object, long)'> (0x0000000725553000) 
thrown [s\src\hotspot\share\interpreter\linkResolver.cpp, line 804]
Event: 0.197 Thread 0x000001216bfde7a0 Exception <a 'java/lang/NoSuchMethodError'{0x00000007255824b0}: 'void java.lang.invoke.DirectMethodHandle$Holder.invokeSpecial(java.lang.Object, java.lang.Object, java.lang.Object)'> (0x00000007255824b0) 
thrown [s\src\hotspot\share\interpreter\linkResolver.cpp, line 804]
Event: 0.204 Thread 0x000001216bfde7a0 Exception <a 'java/lang/NoSuchMethodError'{0x00000007255f2208}: 'java.lang.Object java.lang.invoke.DirectMethodHandle$Holder.newInvokeSpecial(java.lang.Object, java.lang.Object, java.lang.Object, java.lang.Object, java.lang.Object)'> (0x00000007255f2208) 
thrown [s\src\hotspot\share\interpreter\linkResolver.cpp, line 804]
Event: 0.207 Thread 0x000001216bfde7a0 Exception <a 'java/lang/NoSuchMethodError'{0x000000072525b1c0}: 'java.lang.Object java.lang.invoke.DirectMethodHandle$Holder.invokeStatic(java.lang.Object, int, java.lang.Object)'> (0x000000072525b1c0) 
thrown [s\src\hotspot\share\interpreter\linkResolver.cpp, line 804]
Event: 0.228 Thread 0x000001216bfde7a0 Exception <a 'java/lang/ClassNotFoundException'{0x000000072548d498}: com/sun/swing/internal/plaf/metal/resources/spi/metalProvider> (0x000000072548d498) 
thrown [s\src\hotspot\share\classfile\systemDictionary.cpp, line 330]
Event: 0.229 Thread 0x000001216bfde7a0 Exception <a 'java/lang/ClassNotFoundException'{0x00000007254912f0}: com/sun/swing/internal/plaf/basic/resources/spi/basicProvider> (0x00000007254912f0) 
thrown [s\src\hotspot\share\classfile\systemDictionary.cpp, line 330]
Event: 0.235 Thread 0x000001216bfde7a0 Exception <a 'java/lang/NoSuchMethodError'{0x00000007254c0490}: 'int java.lang.invoke.Invokers$Holder.invokeExact_MT(java.lang.Object, java.lang.Object)'> (0x00000007254c0490) 
thrown [s\src\hotspot\share\interpreter\linkResolver.cpp, line 804]
Event: 0.260 Thread 0x000001210f0d8df0 Exception <a 'java/lang/NoSuchMethodError'{0x00000007255365a8}: 'void java.lang.invoke.DirectMethodHandle$Holder.invokeVirtual(java.lang.Object, java.lang.Object)'> (0x00000007255365a8) 
thrown [s\src\hotspot\share\interpreter\linkResolver.cpp, line 804]
Event: 0.272 Thread 0x000001216bfde7a0 Exception <a 'java/lang/NoSuchMethodError'{0x0000000725577b30}: 'long java.lang.invoke.DirectMethodHandle$Holder.invokeStaticInit(java.lang.Object, long, long, long, long)'> (0x0000000725577b30) 
thrown [s\src\hotspot\share\interpreter\linkResolver.cpp, line 804]
Event: 0.272 Thread 0x000001216bfde7a0 Exception <a 'java/lang/NoSuchMethodError'{0x0000000725580700}: 'java.lang.Object java.lang.invoke.DirectMethodHandle$Holder.invokeInterface(java.lang.Object, java.lang.Object, long, long)'> (0x0000000725580700) 
thrown [s\src\hotspot\share\interpreter\linkResolver.cpp, line 804]
Event: 0.273 Thread 0x000001216bfde7a0 Exception <a 'java/lang/NoSuchMethodError'{0x0000000725599568}: 'void java.lang.invoke.DirectMethodHandle$Holder.invokeStaticInit(java.lang.Object, java.lang.Object, long, java.lang.Object)'> (0x0000000725599568) 
thrown [s\src\hotspot\share\interpreter\linkResolver.cpp, line 804]
Event: 0.273 Thread 0x000001216bfde7a0 Exception <a 'java/lang/NoSuchMethodError'{0x00000007255a24e0}: 'long java.lang.invoke.DirectMethodHandle$Holder.invokeStatic(java.lang.Object, long, long)'> (0x00000007255a24e0) 
thrown [s\src\hotspot\share\interpreter\linkResolver.cpp, line 804]
Event: 0.275 Thread 0x000001216bfde7a0 Exception <a 'java/lang/NoSuchMethodError'{0x00000007255b6de0}: 'void java.lang.invoke.DirectMethodHandle$Holder.invokeStaticInit(java.lang.Object)'> (0x00000007255b6de0) 
thrown [s\src\hotspot\share\interpreter\linkResolver.cpp, line 804]
Event: 0.284 Thread 0x000001216bfde7a0 Exception <a 'java/lang/NoSuchMethodError'{0x00000007255f54f8}: 'java.lang.Object java.lang.invoke.DirectMethodHandle$Holder.newInvokeSpecial(java.lang.Object, int, java.lang.Object)'> (0x00000007255f54f8) 
thrown [s\src\hotspot\share\interpreter\linkResolver.cpp, line 804]
Event: 0.324 Thread 0x000001216bfde7a0 Exception <a 'java/lang/NoSuchMethodError'{0x0000000725492b58}: 'void java.lang.invoke.DelegatingMethodHandle$Holder.reinvoke_L(java.lang.Object, java.lang.Object, java.lang.Object, long, float)'> (0x0000000725492b58) 
thrown [s\src\hotspot\share\interpreter\linkResolver.cpp, line 804]
Event: 0.326 Thread 0x000001216bfde7a0 Exception <a 'java/lang/NoSuchMethodError'{0x00000007254ab5c8}: 'java.lang.Object java.lang.invoke.DirectMethodHandle$Holder.invokeStatic(java.lang.Object, java.lang.Object, java.lang.Object, java.lang.Object, long)'> (0x00000007254ab5c8) 
thrown [s\src\hotspot\share\interpreter\linkResolver.cpp, line 804]
Event: 0.327 Thread 0x000001216bfde7a0 Exception <a 'java/lang/NoSuchMethodError'{0x00000007254ce218}: 'float java.lang.invoke.DelegatingMethodHandle$Holder.reinvoke_L(java.lang.Object, java.lang.Object, java.lang.Object, long)'> (0x00000007254ce218) 
thrown [s\src\hotspot\share\interpreter\linkResolver.cpp, line 804]

VM Operations (16 events):
Event: 0.220 Executing safepoint VM operation: G1CollectForAllocation (G1 Evacuation Pause)
Event: 0.222 Executing safepoint VM operation: G1CollectForAllocation (G1 Evacuation Pause) done
Event: 0.227 Executing non-safepoint VM operation: HandshakeAllThreads (Deoptimize)
Event: 0.227 Executing non-safepoint VM operation: HandshakeAllThreads (Deoptimize) done
Event: 0.241 Executing non-safepoint VM operation: HandshakeAllThreads (Deoptimize)
Event: 0.241 Executing non-safepoint VM operation: HandshakeAllThreads (Deoptimize) done
Event: 0.250 Executing non-safepoint VM operation: HandshakeAllThreads (Deoptimize)
Event: 0.250 Executing non-safepoint VM operation: HandshakeAllThreads (Deoptimize) done
Event: 0.284 Executing safepoint VM operation: G1CollectForAllocation (G1 Evacuation Pause)
Event: 0.285 Executing safepoint VM operation: G1CollectForAllocation (G1 Evacuation Pause) done
Event: 60.048 Executing non-safepoint VM operation: HandshakeAllThreads (DeflationHandshakeClosure)
Event: 60.048 Executing non-safepoint VM operation: HandshakeAllThreads (DeflationHandshakeClosure) done
Event: 60.048 Executing non-safepoint VM operation: RendezvousGCThreads
Event: 60.048 Executing non-safepoint VM operation: RendezvousGCThreads done
Event: 1222.967 Executing safepoint VM operation: G1CollectForAllocation (G1 Evacuation Pause)
Event: 1222.970 Executing safepoint VM operation: G1CollectForAllocation (G1 Evacuation Pause) done

Memory protections (0 events):
No events

Nmethod flushes (0 events):
No events

Events (20 events):
Event: 0.030 Thread 0x000001216bfde7a0 Thread added: 0x000001217f4db1b0
Event: 0.030 Thread 0x000001216bfde7a0 Thread added: 0x000001217f4de5d0
Event: 0.030 Thread 0x000001216bfde7a0 Thread added: 0x000001217f4deda0
Event: 0.030 Thread 0x000001216bfde7a0 Thread added: 0x000001217f4e14b0
Event: 0.030 Thread 0x000001216bfde7a0 Thread added: 0x000001217f4ebe60
Event: 0.030 Thread 0x000001216bfde7a0 Thread added: 0x000001217f4f8160
Event: 0.033 Thread 0x000001216bfde7a0 JVMTI - enter start phase
Event: 0.033 Thread 0x000001216bfde7a0 JVMTI - enter live phase
Event: 0.033 Thread 0x000001216bfde7a0 Thread added: 0x000001217f4e1c80
Event: 0.035 Thread 0x000001216bfde7a0 Thread added: 0x000001217f4e2450
Event: 0.063 Thread 0x000001217f4f8160 Thread added: 0x000001210f0cf5b0
Event: 0.093 Thread 0x000001216bfde7a0 Thread added: 0x000001217f4e2c20
Event: 0.093 Thread 0x000001216bfde7a0 Thread added: 0x000001210f0d8620
Event: 0.093 Thread 0x000001216bfde7a0 Thread added: 0x000001210f0d8df0
Event: 0.260 Thread 0x000001210f0d8df0 Thread added: 0x000001210fd04340
Event: 0.351 Thread 0x000001216bfde7a0 Thread exited: 0x000001216bfde7a0
Event: 0.351 Thread 0x000001210fd07220 Thread added: 0x000001210fd07220
Event: 0.354 Thread 0x000001210fd04340 Thread added: 0x000001210fd05ab0
Event: 0.392 Thread 0x000001210fd04340 Thread added: 0x000001211af83e40
Event: 4.903 Thread 0x000001210f0cf5b0 Thread exited: 0x000001210f0cf5b0


Dynamic libraries:
0x00007ff770060000 - 0x00007ff77006e000 	C:\Program Files\Apache NetBeans\jdk\bin\java.exe
0x00007ffbe87e0000 - 0x00007ffbe8a46000 	C:\WINDOWS\SYSTEM32\ntdll.dll
0x00007ffbe74d0000 - 0x00007ffbe7599000 	C:\WINDOWS\System32\KERNEL32.DLL
0x00007ffbe5b50000 - 0x00007ffbe5f4f000 	C:\WINDOWS\System32\KERNELBASE.dll
0x00007ffbe6190000 - 0x00007ffbe62dc000 	C:\WINDOWS\System32\ucrtbase.dll
0x00007ffbd4410000 - 0x00007ffbd442e000 	C:\Program Files\Apache NetBeans\jdk\bin\VCRUNTIME140.dll
0x00007ffbd2b80000 - 0x00007ffbd2b97000 	C:\Program Files\Apache NetBeans\jdk\bin\jli.dll
0x00007ffbe69e0000 - 0x00007ffbe6ba6000 	C:\WINDOWS\System32\USER32.dll
0x00007ffbc6190000 - 0x00007ffbc6421000 	C:\WINDOWS\WinSxS\amd64_microsoft.windows.common-controls_6595b64144ccf1df_6.0.26100.8972_none_3e0da176e32f9d4b\COMCTL32.dll
0x00007ffbe59f0000 - 0x00007ffbe5a17000 	C:\WINDOWS\System32\win32u.dll
0x00007ffbe6e40000 - 0x00007ffbe6ee9000 	C:\WINDOWS\System32\msvcrt.dll
0x00007ffbe6d90000 - 0x00007ffbe6dbb000 	C:\WINDOWS\System32\GDI32.dll
0x00007ffbe5a20000 - 0x00007ffbe5b49000 	C:\WINDOWS\System32\gdi32full.dll
0x00007ffbe6020000 - 0x00007ffbe60c3000 	C:\WINDOWS\System32\msvcp_win.dll
0x00007ffbe8760000 - 0x00007ffbe8792000 	C:\WINDOWS\System32\IMM32.DLL
0x00007ffbd8940000 - 0x00007ffbd894c000 	C:\Program Files\Apache NetBeans\jdk\bin\vcruntime140_1.dll
0x00007ffbca330000 - 0x00007ffbca3bd000 	C:\Program Files\Apache NetBeans\jdk\bin\msvcp140.dll
0x00007ffb2a7c0000 - 0x00007ffb2b75b000 	C:\Program Files\Apache NetBeans\jdk\bin\server\jvm.dll
0x00007ffbe7fb0000 - 0x00007ffbe806c000 	C:\WINDOWS\System32\ADVAPI32.dll
0x00007ffbe8320000 - 0x00007ffbe83ca000 	C:\WINDOWS\System32\sechost.dll
0x00007ffbe6ef0000 - 0x00007ffbe7008000 	C:\WINDOWS\System32\RPCRT4.dll
0x00007ffbe7140000 - 0x00007ffbe71c2000 	C:\WINDOWS\System32\WS2_32.dll
0x00007ffbe5850000 - 0x00007ffbe58ae000 	C:\WINDOWS\SYSTEM32\POWRPROF.dll
0x00007ffbcf840000 - 0x00007ffbcf84b000 	C:\WINDOWS\SYSTEM32\VERSION.dll
0x00007ffbda600000 - 0x00007ffbda636000 	C:\WINDOWS\SYSTEM32\WINMM.dll
0x00007ffbe5830000 - 0x00007ffbe5845000 	C:\WINDOWS\SYSTEM32\UMPDC.dll
0x00007ffbe46a0000 - 0x00007ffbe46bb000 	C:\WINDOWS\SYSTEM32\kernel.appcore.dll
0x00007ffbd8640000 - 0x00007ffbd864a000 	C:\Program Files\Apache NetBeans\jdk\bin\jimage.dll
0x00007ffbe2970000 - 0x00007ffbe2bb2000 	C:\WINDOWS\SYSTEM32\DBGHELP.DLL
0x00007ffbe83d0000 - 0x00007ffbe8755000 	C:\WINDOWS\System32\combase.dll
0x00007ffbe7010000 - 0x00007ffbe70e9000 	C:\WINDOWS\System32\OLEAUT32.dll
0x00007ffbbaf70000 - 0x00007ffbbafab000 	C:\WINDOWS\SYSTEM32\dbgcore.DLL
0x00007ffbe5f60000 - 0x00007ffbe600c000 	C:\WINDOWS\System32\bcryptPrimitives.dll
0x00007ffbd2ff0000 - 0x00007ffbd300e000 	C:\Program Files\Apache NetBeans\jdk\bin\java.dll
0x00007ffbe71d0000 - 0x00007ffbe7369000 	C:\WINDOWS\System32\ole32.dll
0x00007ffbe75a0000 - 0x00007ffbe7d28000 	C:\WINDOWS\System32\SHELL32.dll
0x00007ffbe3460000 - 0x00007ffbe3cfb000 	C:\WINDOWS\SYSTEM32\windows.storage.dll
0x00007ffbe7d30000 - 0x00007ffbe7e29000 	C:\WINDOWS\System32\SHCORE.dll
0x00007ffbe8200000 - 0x00007ffbe8266000 	C:\WINDOWS\System32\shlwapi.dll
0x00007ffbe5910000 - 0x00007ffbe5939000 	C:\WINDOWS\SYSTEM32\profapi.dll
0x00007ffbd05c0000 - 0x00007ffbd05d1000 	C:\Program Files\Apache NetBeans\jdk\bin\net.dll
0x00007ffbe4c30000 - 0x00007ffbe4c9c000 	C:\WINDOWS\system32\mswsock.dll
0x00007ffbd0460000 - 0x00007ffbd0476000 	C:\Program Files\Apache NetBeans\jdk\bin\nio.dll
0x00007ffb80d00000 - 0x00007ffb80e82000 	C:\Program Files\Apache NetBeans\jdk\bin\awt.dll
0x00007ffbe2390000 - 0x00007ffbe242f000 	C:\WINDOWS\SYSTEM32\apphelp.dll
0x00007ffbe2800000 - 0x00007ffbe282f000 	C:\WINDOWS\system32\DWMAPI.DLL
0x00007ffbe2590000 - 0x00007ffbe2638000 	C:\WINDOWS\system32\uxtheme.dll
0x00007ffb5a960000 - 0x00007ffb5aa6c000 	C:\WINDOWS\system32\opengl32.dll
0x00007ffb5a260000 - 0x00007ffb5a28d000 	C:\WINDOWS\SYSTEM32\GLU32.dll
0x00007ffbe2920000 - 0x00007ffbe2965000 	C:\WINDOWS\SYSTEM32\dxcore.dll
0x00007ffbe7e30000 - 0x00007ffbe7f8d000 	C:\WINDOWS\System32\MSCTF.dll
0x00007ffafa270000 - 0x00007ffafc98b000 	C:\WINDOWS\System32\DriverStore\FileRepository\u0202642.inf_amd64_870f6b155aa057ce\B026261\AMDXN64.DLL
0x00007ffbe6510000 - 0x00007ffbe6997000 	C:\WINDOWS\System32\SETUPAPI.dll
0x00007ffbe26a0000 - 0x00007ffbe27da000 	C:\WINDOWS\SYSTEM32\dxgi.dll
0x00007ffbe58e0000 - 0x00007ffbe590a000 	C:\WINDOWS\SYSTEM32\BCrypt.dll
0x00007ffbd9e30000 - 0x00007ffbd9e6c000 	C:\WINDOWS\System32\DriverStore\FileRepository\u0202642.inf_amd64_870f6b155aa057ce\B026261\amdihk64.dll
0x00007ffbc5380000 - 0x00007ffbc540b000 	C:\Program Files\Apache NetBeans\jdk\bin\freetype.dll
0x00007ffbc12f0000 - 0x00007ffbc13e7000 	C:\Program Files\Apache NetBeans\jdk\bin\fontmanager.dll
0x00007ffbe8080000 - 0x00007ffbe812e000 	C:\WINDOWS\System32\clbcatq.dll
0x00007ffbe03b0000 - 0x00007ffbe05dd000 	C:\WINDOWS\SYSTEM32\WindowsCodecs.dll
0x00007ffbb3600000 - 0x00007ffbb365c000 	C:\WINDOWS\system32\dataexchange.dll
0x00007ffbd0110000 - 0x00007ffbd0360000 	C:\WINDOWS\system32\twinapi.appcore.dll
0x00007ffbc6670000 - 0x00007ffbc67b6000 	C:\WINDOWS\SYSTEM32\textinputframework.dll
0x00007ffbe1c40000 - 0x00007ffbe1d6b000 	C:\WINDOWS\SYSTEM32\CoreMessaging.dll
0x00007ffbde030000 - 0x00007ffbde314000 	C:\WINDOWS\SYSTEM32\CoreUIComponents.dll
0x00007ffbde8e0000 - 0x00007ffbdea4a000 	C:\WINDOWS\SYSTEM32\wintypes.dll
0x00007ffbe4e90000 - 0x00007ffbe4e9c000 	C:\WINDOWS\SYSTEM32\CRYPTBASE.DLL

JVMTI agents: none

dbghelp: loaded successfully - version: 4.0.5 - missing functions: none
symbol engine: initialized successfully - sym options: 0x614 - pdb path: .;C:\Program Files\Apache NetBeans\jdk\bin;C:\WINDOWS\SYSTEM32;C:\WINDOWS\WinSxS\amd64_microsoft.windows.common-controls_6595b64144ccf1df_6.0.26100.8972_none_3e0da176e32f9d4b;C:\Program Files\Apache NetBeans\jdk\bin\server;C:\WINDOWS\System32\DriverStore\FileRepository\u0202642.inf_amd64_870f6b155aa057ce\B026261

VM Arguments:
java_command: br.com.ifba.login.view.Main
java_class_path (initial): C:\Users\kennedy\Documents\3- Semestre\POO\prg03joaokennedysmarcelino\target\classes
Launcher Type: SUN_STANDARD

[Global flags]
     bool AOTAdapterCaching                        = false                                  {diagnostic} {ergonomic}
     bool AOTInvokeDynamicLinking                  = false                                  {diagnostic} {ergonomic}
     bool AOTRecordTraining                        = false                                  {diagnostic} {ergonomic}
     bool AOTReplayTraining                        = false                                  {diagnostic} {ergonomic}
     bool AOTStubCaching                           = false                                  {diagnostic} {ergonomic}
     intx CICompilerCount                          = 12                                        {product} {ergonomic}
     uint ConcGCThreads                            = 3                                         {product} {ergonomic}
     uint G1ConcRefinementThreads                  = 13                                        {product} {ergonomic}
     uint G1EagerReclaimRemSetThreshold            = 16                                   {experimental} {ergonomic}
   size_t G1HeapRegionSize                         = 2097152                                   {product} {ergonomic}
     uint G1RemSetArrayOfCardsEntries              = 16                                   {experimental} {ergonomic}
     uint G1RemSetHowlMaxNumBuckets                = 8                                    {experimental} {ergonomic}
     uint G1RemSetHowlNumBuckets                   = 8                                    {experimental} {ergonomic}
   size_t InitialHeapSize                          = 8388608                                   {product} {ergonomic}
     bool IntelJccErratumMitigation                = false                             {ARCH diagnostic} {ergonomic}
   size_t MarkStackSize                            = 4194304                                   {product} {ergonomic}
   size_t MarkStackSizeMax                         = 536870912                                 {product} {ergonomic}
   size_t MaxHeapSize                              = 3676307456                                {product} {ergonomic}
   size_t MaxNewSize                               = 2204106752                                {product} {ergonomic}
 uint64_t MaxRAM                                   = 14701584384                               {product} {ergonomic}
   size_t MinHeapDeltaBytes                        = 2097152                                   {product} {ergonomic}
   size_t MinHeapSize                              = 8388608                                   {product} {ergonomic}
   size_t NonNMethodCodeHeapSize                   = 7667712                                {pd product} {ergonomic}
   size_t NonProfiledCodeHeapSize                  = 122028032                              {pd product} {ergonomic}
   size_t ProfiledCodeHeapSize                     = 122028032                              {pd product} {ergonomic}
   size_t ReservedCodeCacheSize                    = 251723776                              {pd product} {ergonomic}
     bool SegmentedCodeCache                       = true                                      {product} {ergonomic}
   size_t SoftMaxHeapSize                          = 3676307456                             {manageable} {ergonomic}
     bool UseCompressedOops                        = true                           {product lp64_product} {ergonomic}
     bool UseCondCardMark                          = true                                      {product} {ergonomic}
     bool UseFastUnorderedTimeStamps               = true                                 {experimental} {ergonomic}
     bool UseG1GC                                  = true                                      {product} {ergonomic}
     bool UseLargePagesIndividualAllocation        = false                                  {pd product} {ergonomic}
      int X86ICacheSync                            = 3                                 {ARCH diagnostic} {ergonomic}

Logging:
Log output configuration:
 #0: stdout all=warning uptime,level,tags foldmultilines=false
 #1: stderr all=off uptime,level,tags foldmultilines=false

Release file:
IMPLEMENTOR="Eclipse Adoptium" 
IMPLEMENTOR_VERSION="Temurin-26.0.2+10" 
JAVA_RUNTIME_VERSION="26.0.2+10" 
JAVA_VERSION="26.0.2" 
JAVA_VERSION_DATE="2026-07-21" 
LIBC="default" 
MODULES="java.base java.compiler java.datatransfer java.xml java.prefs java.desktop java.instrument java.logging java.management java.security.sasl java.naming java.rmi java.management.rmi java.net.http java.scripting java.security.jgss java.transaction.xa java.sql java.sql.rowset java.xml.crypto java.se java.smartcardio jdk.accessibility jdk.internal.jvmstat jdk.attach jdk.charsets jdk.internal.opt jdk.zipfs jdk.compiler jdk.crypto.cryptoki jdk.crypto.ec jdk.crypto.mscapi jdk.dynalink jdk.internal.ed jdk.editpad jdk.internal.vm.ci jdk.graal.compiler jdk.graal.compiler.management jdk.hotspot.agent jdk.httpserver jdk.incubator.vector jdk.internal.le jdk.internal.md jdk.jartool jdk.javadoc jdk.jcmd jdk.management jdk.management.agent jdk.jconsole jdk.jdeps jdk.jdwp.agent jdk.jdi jdk.jfr jdk.jlink jdk.jpackage jdk.jshell jdk.jstatd jdk.localedata jdk.management.jfr jdk.naming.dns jdk.naming.rmi jdk.net jdk.nio.mapmode jdk.sctp jdk.security.auth jdk.security.jgss jdk.unsupported jdk.unsupported.desktop jdk.xml.dom" 
OS_ARCH="x86_64" 
OS_NAME="Windows" 
SOURCE=".:git:8ef08853c5a2" 
BUILD_SOURCE="git:e6ba7dec3d07654074559310376a3ae89da5f4ac"
BUILD_SOURCE_REPO="https://github.com/adoptium/temurin-build.git"
SOURCE_REPO="https://github.com/adoptium/jdk26u.git"
FULL_VERSION="26.0.2+10"
SEMANTIC_VERSION="26.0.2+10"
BUILD_INFO="OS: Windows Server 2022 Version: 10.0"
JVM_VARIANT="Hotspot"
JVM_VERSION="26.0.2+10"
IMAGE_TYPE="JDK"

Environment Variables:
JAVA_HOME=C:\Program Files\Apache NetBeans\jdk
PATH=C:\Program Files\Common Files\Oracle\Java\javapath;C:\WINDOWS\system32;C:\WINDOWS;C:\WINDOWS\System32\Wbem;C:\WINDOWS\System32\WindowsPowerShell\v1.0\;C:\WINDOWS\System32\OpenSSH\;C:\Program Files\Git\cmd;C:\Users\kennedy\AppData\Local\Microsoft\WindowsApps;;C:\Program Files\Apache NetBeans\bin\
USERNAME=kennedy
OS=Windows_NT
PROCESSOR_IDENTIFIER=AMD64 Family 25 Model 68 Stepping 1, AuthenticAMD
TMP=C:\Users\kennedy\AppData\Local\Temp
TEMP=C:\Users\kennedy\AppData\Local\Temp




Compilation memory statistics disabled.

Periodic native trim disabled

---------------  S Y S T E M  ---------------

OS:
 Windows 11 , 64 bit Build 26100 (10.0.26100.9168)
OS uptime: 7 days 21:21 hours
Hyper-V role detected

CPU: total 16 (initial active 16) (8 cores per cpu, 2 threads per core) family 25 model 68 stepping 1 microcode 0xa40410a, cx8, cmov, fxsr, ht, mmx, 3dnowpref, sse, sse2, sse3, ssse3, sse4a, sse4.1, sse4.2, popcnt, lzcnt, tsc, tscinvbit, avx, avx2, aes, erms, clmul, bmi1, bmi2, adx, sha, fma, vzeroupper, clflush, clflushopt, clwb, hv, rdtscp, rdpid, fsrm, f16c, cet_ss
Processor Information for processor 0
  Max Mhz: 3201, Current Mhz: 3201, Mhz Limit: 3201
Processor Information for processor 1
  Max Mhz: 3201, Current Mhz: 2560, Mhz Limit: 3201
Processor Information for processor 2
  Max Mhz: 3201, Current Mhz: 3201, Mhz Limit: 3201
Processor Information for processor 3
  Max Mhz: 3201, Current Mhz: 3201, Mhz Limit: 3201
Processor Information for processor 4
  Max Mhz: 3201, Current Mhz: 2560, Mhz Limit: 3201
Processor Information for processor 5
  Max Mhz: 3201, Current Mhz: 3201, Mhz Limit: 3201
Processor Information for processor 6
  Max Mhz: 3201, Current Mhz: 3201, Mhz Limit: 3201
Processor Information for processor 7
  Max Mhz: 3201, Current Mhz: 3201, Mhz Limit: 3201
Processor Information for processor 8
  Max Mhz: 3201, Current Mhz: 3201, Mhz Limit: 3201
Processor Information for processor 9
  Max Mhz: 3201, Current Mhz: 3201, Mhz Limit: 3201
Processor Information for processor 10
  Max Mhz: 3201, Current Mhz: 3201, Mhz Limit: 3201
Processor Information for processor 11
  Max Mhz: 3201, Current Mhz: 3201, Mhz Limit: 3201
Processor Information for processor 12
  Max Mhz: 3201, Current Mhz: 2560, Mhz Limit: 3201
Processor Information for processor 13
  Max Mhz: 3201, Current Mhz: 3201, Mhz Limit: 3201
Processor Information for processor 14
  Max Mhz: 3201, Current Mhz: 2560, Mhz Limit: 3201
Processor Information for processor 15
  Max Mhz: 3201, Current Mhz: 2560, Mhz Limit: 3201

Memory: 4k page, system-wide physical 14020M (5604M free)
TotalPageFile size 17860M (AvailPageFile size 6343M)
current process WorkingSet (physical memory assigned to process): 90M, peak: 119M
current process commit charge ("private bytes"): 143M, peak: 166M

vm_info: OpenJDK 64-Bit Server VM (26.0.2+10) for windows-amd64 JRE (26.0.2+10), built on 2026-07-21T00:00:00Z with MS VC++ 17.12 (VS2022)

END.
